[001/117] manual            -                 0KB  29338997  Meta-analysis of the Sources of Bleeding after Adult Car
[002/117] manual            -                 0KB  11888475  Re-exploration for hemorrhage following open heart surge
[003/117] ok     cached     PMC3352740       97KB  22434857  Re-exploration for bleeding or tamponade after cardiac o
[004/117] ok     cached     PMC8183590     1191KB  34099003  Re-exploration for bleeding after cardiac surgery: reval
[005/117] manual            -                 0KB  30346507  Reduced re-exploration and blood product transfusion aft
[006/117] manual            -                 0KB  35952856  Early Reexploration for Bleeding Is Associated With Impr
[007/117] manual            -                 0KB  7887708   Resternotomy for bleeding after cardiac operation: a mar
[008/117] manual            -                 0KB  28511245  Low Fibrinogen Is Associated with Increased Bleeding-Rel
[009/117] manual            PMC4692155        0KB  25173720  Planned cardiac reexploration in the intensive care unit
[010/117] manual            -                 0KB  40913323  Control of Port Site Bleeding With Liberal Use of Cathet
[011/117] manual            -                 0KB  23092664  Managing port-site bleeding during less invasive coronar
[012/117] manual            -                 0KB  41985604  Closed-Chest Robotic vs Port Access Approach for Mitral 
[013/117] manual            -                 0KB  18692654  Robotic mitral valve repairs in 300 patients: a single-c
[014/117] manual            -                 0KB  15172249  Minimally invasive mitral valve repair using the da Vinc
[015/117] ok     cached     PMC9551370      523KB  36237593  Two hundred robotic mitral valve repair procedures for d
[016/117] ok     cached     PMC9846568     1387KB  36529985  A Systematic Review and Meta-Analysis of Robot-Assisted 
[017/117] ok     cached     PMC9723532      657KB  36483620  Robotically assisted mitral valve surgery-experience dur
[018/117] manual            -                 0KB  32072433  Early results of robotically assisted mitral valve repai
[019/117] ok     cached     PMC8607617      894KB  34802439  Massive hemorrhage from the posterior intercostal artery
[020/117] ok     cached     PMC13033161    2679KB  41913831  Delayed Port-Site Hematoma Following Robot-Assisted Hyst
[021/117] ok     cached     PMC9551375      114KB  36237595  Robotic mitral valve repair in Japan and keyhole cardiac
[022/117] ok     cached     PMC13139202     755KB  41417160  Minimally invasive cardiac surgeries in 2022: annual rep
[023/117] ok     cached     PMC13249488    1313KB  42273302  Robotic Mitral Valve Repair in Patients With Thoracic De
[024/117] ok     cached     PMC12884185     687KB  41669175  Outcomes of robotic repair for the degenerative mitral v
[025/117] manual            -                 0KB  41619927  The Society of Thoracic Surgeons Expert Consensus Pathwa
[026/117] manual            -                 0KB  40900082  Robotic mitral valve repair: patient positioning and por
[027/117] manual            -                 0KB  40900091  Robotic mitral valve repair: patient positioning and por
[028/117] manual            -                 0KB  22161136  Use of Foley's catheter to control port-site bleeding in
[029/117] ok     cached     PMC7985414      652KB  33752031  Successful Foley catheter tamponade of an epigastric ves
[030/117] manual            -                 0KB  22086319  [Use of Foley's catheter to control abdominal wall bleed
[031/117] manual            -                 0KB  19751334  Port wound closure assisted by Foley catheter: an easier
[032/117] manual            -                 0KB  20489527  Balloon compression technique in the management of persi
[033/117] ok     cached     PMC11227320     701KB  26676093  Trocar types in laparoscopy
[034/117] ok     cached     PMC6353066     1511KB  30657163  Laparoscopic entry techniques
[035/117] manual            -                 0KB  36842955  Direct trocar insertion vs. Veress needle technique in l
[036/117] manual            -                 0KB  37069276  Major and minor complications in Veress needle (VN) and 
[037/117] manual            -                 0KB  38743387  Trocar-site incisional hernia after 8-mm robotic trocar 
[038/117] manual            -                 0KB  38430543  Robotic 8-mm trocar fascial wounds: To close or not to c
[039/117] manual            -                 0KB  21152941  Trocar site hernia after laparoscopic surgery: a qualita
[040/117] manual            -                 0KB  32728766  Does closure of fascia, type, and location of trocar inf
[041/117] ok     cached     PMC11284342     207KB  39077265  Insights Into Laparoscopic Port Site Complications: A Co
[042/117] manual            -                 0KB  15545574  Trocar site hernia
[043/117] ok     cached     PMC10153619     388KB  37062549  Surgicel plug technique versus endoclose technique for p
[044/117] ok     cached     PMC9613580     1254KB  36071329  Safety and Efficacy of Trocar Port-Site Closure Using a 
[045/117] manual            -                 0KB  41933246  A novel peritoneal channel technique using a hemostatic 
[046/117] manual            -                 0KB  18070734  Microporous polysaccharide hemospheres for management of
[047/117] ok     cached     PMC3015859     2183KB  18237509  Use of bone wax during laparoscopic renal ablative proce
[048/117] manual            -                 0KB  22367850  Systematic review and meta-analysis of cutting diathermy
[049/117] manual            -                 0KB  31978649  Diathermy versus scalpel for skin incision in patients u
[050/117] manual            -                 0KB  39304130  Diathermy versus scalpel in midline abdominal incision: 
[051/117] manual            -                 0KB  26021211  Comparison of electrocautery incision with scalpel incis
[052/117] manual            -                 0KB  24165306  Cautery versus scalpel for abdominal skin incisions: a d
[053/117] ok     cached     PMC8606832     1698KB  34840756  Post-skin incision scar tissue assessment using patient 
[054/117] manual            -                 0KB  11136307  Randomized clinical trial of diathermy versus scalpel in
[055/117] manual            -                 0KB  11425052  A multicentre collaborative study on the use of cold sca
[056/117] manual            -                 0KB  2143426   Wound infection after abdominal incision with scalpel or
[057/117] ok     cached     PMC10649521     838KB  37963705  Needle-tip electrocautery versus steel scalpel incision 
[058/117] ok     cached     PMC11596443    1374KB  39600331  Comparison of Colorado Needle Electrocautery and Traditi
[059/117] manual            -                 0KB  23521021  Physician-performed ultrasound can accurately screen for
[060/117] ok     cached     PMC12429508    4575KB  40944085  Intercostal Artery Screening with Color Doppler Thoracic
[061/117] manual            -                 0KB  28838023  [Interventional Radiological Treatment of Intercostal Ar
[062/117] ok     cached     PMC8312918     1584KB  34321811  Role of Intercostal Artery Embolization in Management of
[063/117] ok     cached     PMC4522475     1322KB  26380751  Transcatheter arterial embolization for intercostal arte
[064/117] ok     cached     PMC7602520      233KB  33154815  Management of a life-threatening intercostal artery blee
[065/117] ok     cached     PMC9685333      418KB  36440304  Control of bleeding from intercostal artery laceration
[066/117] manual            -                 0KB  37690956  Thoracodorsal Artery Injury After Tube Thoracostomy: A C
[067/117] manual            -                 0KB  28790290  [Postoperative Intrathoracic Hemorrhage;Perioperative Pr
[068/117] manual            -                 0KB  37015067  Two-Centimeter Single-Port Incision Minimizing Intercost
[069/117] manual            -                 0KB  33956234  Modified 2-cm super single port vs. the traditional 3-cm
[070/117] ok     cached     PMC11247214     652KB  39015471  Outcomes of single- versus multi-port video-assisted tho
[071/117] ok     cached     PMC7399408      419KB  32802437  Comparison of post-operative pain and quality of life be
[072/117] manual            -                 0KB  39340899  A prospective multi-institutional study to verify the no
[073/117] manual            PMC5215969        0KB  27826786  Efficacy of a Self-expanding Tract Sealant Device in the
[074/117] ok     cached     PMC13024759    3285KB  41897557  Tract Sealing Techniques for Pneumothorax and Drainage P
[075/117] ok     cached     PMC8222077      137KB  34178246  Post-Biopsy Pneumothorax Incidence in Patients Treated w
[076/117] ok     cached     PMC11542545     129KB  39512979  Is the BioSentry Tract Sealant System Effective in Reduc
[077/117] ok     europepmc  PMC6357949      660KB  30480487  Autologous Blood Patch Injection versus Hydrogel Plug in
[078/117] manual            -                 0KB  31054891  Pulmonary pathologic alterations associated with biopsy 
[079/117] manual            -                 0KB  37526076  A contemporary systematic review of the complications as
[080/117] manual            -                 0KB  22278791  Massive swelling of Surgicel® Fibrillar™ hemostat after 
[081/117] ok     cached     PMC10317142     580KB  37436267  Post-thoracotomy paraplegia after oxidized cellulose spi
[082/117] manual            -                 0KB  33751255  New hemostatic technique with combined use of Hydrofit(®
[083/117] manual            -                 0KB  29878119  Oxidized resorbable cellulose (Gelita-cel) causing forei
[084/117] manual            -                 0KB  16235029  Clinical benefits and risk analysis of topical hemostats
[085/117] ok     cached     PMC12019980     127KB  40290711  Could TachoSil application in cardiac surgery be potenti
[086/117] ok     cached     PMC5846302      342KB  29563844  A randomized, controlled trial of Veriset™ hemostatic pa
[087/117] manual            -                 0KB  27466878  Prospective Randomized Clinical Trial of HEMOPATCH Topic
[088/117] ok     cached     PMC4740149     2091KB  26904247  Efficacy and safety of human fibrinogen-thrombin patch (
[089/117] manual            -                 0KB  37040815  Balloon Trocar Is a Suitable Instrument for Retroperiton
[090/117] ok     cached     -               153KB  34102770  Comparison of Balloon Trocar versus Telescopic Dissectio
[091/117] manual            -                 0KB  39235339  Telescopic Dissection as a Cost-Effective Alternative to
[092/117] manual            -                 0KB  40198491  A comparative study on optical trocar entry vs. balloon 
[093/117] ok     cached     -              5789KB  26465110  Effectiveness of a reusable low-cost balloon trocar diss
[094/117] manual            -                 0KB  24977774  Standard laparoscopic trocars for the treatment of tensi
[095/117] manual            -                 0KB  38498237  hinotori(TM) vs. da Vinci(®): propensity score-matched a
[096/117] manual            -                 0KB  42311029  Early Experience of Hinotori Robot System in General Sur
[097/117] ok     cached     PMC12126947     634KB  40458571  Robotic urologic applications of the hinotori™ Surgical 
[098/117] ok     cached     PMC11283413    1277KB  39068349  Evaluation of the hinotori(™) Surgical Robot System for 
[099/117] ok     cached     PMC12524596     311KB  41095855  Beyond Da Vinci: Comparative Review of Next-Generation R
[100/117] ok     cached     PMC11925532    2817KB  40115596  Perioperative, Oncological, and Functional Outcomes of N
[101/117] ok     cached     PMC11130061     663KB  38625439  Early experience and future prospects regarding use of n
[102/117] manual            -                 0KB  33258023  Clinical and Organizational Impact of the AIRSEAL(®) Ins
[103/117] ok     cached     PMC11491176     116KB  39434971  Total endoscopic coronary artery bypass on a DaVinci Xi 
[104/117] manual            -                 0KB  26777946  The Use of Oxidized Regenerated Cellulose for Video-Assi
[105/117] manual            -                 0KB  31747012  Oxidized regenerated cellulose for a clear thoracoscopic
[106/117] manual            -                 0KB  27449461  An Alternative Use of Wound Retractor as Camera Trocar i
[107/117] ok     europepmc  PMC5945854      485KB  29780712  Advantages of wound retractor device versus rigid trocar
[108/117] manual            PMC6989967        0KB  32042728  International expert consensus on the management of blee
[109/117] ok     europepmc  PMC8794303      449KB  35118305  Management of vascular injury during VATS lobectomy with
[110/117] manual            PMC12706415       0KB  41399246  Trocarless Thoracic Surgery Using the Hinotori Surgical 
[111/117] manual            -                 0KB  33462900  Robotic versus port-access mitral repair: A propensity s
[112/117] manual            -                 0KB  31444139  Meta-analysis of propensity matched studies of robotic v
[113/117] manual            -                 0KB  39499089  Robotic Versus Thoracoscopic Minimally Invasive Mitral V
[114/117] manual            -                 0KB  36483611  Systematic review and meta-analysis of mid-term survival
[115/117] manual            -                 0KB  41212734  Operative outcomes following robotic-assisted and conven
[116/117] manual            -                 0KB  37423965  Propensity-matched analysis of robotic versus sternotomy
[117/117] manual            -                 0KB  34704724  Percutaneous Endoscopic Intercostal Neurectomy for Refra

=== 取得成功 46/117 ／ 手配依頼 71 ===
  PMID 29338997  J Cardiothorac Vasc Anesth 2018  Meta-analysis of the Sources of Bleeding after Adult Cardiac Surgery
  PMID 11888475  Ann Thorac Cardiovasc Surg 2001  Re-exploration for hemorrhage following open heart surgery differentiation on the causes of bleeding and the impact on patient outcomes
  PMID 30346507  Eur J Cardiothorac Surg 2019  Reduced re-exploration and blood product transfusion after the introduction of the Papworth haemostasis checklist†
  PMID 35952856  Ann Thorac Surg 2023  Early Reexploration for Bleeding Is Associated With Improved Outcome in Cardiac Surgery
  PMID 7887708   Ann Thorac Surg 1995  Resternotomy for bleeding after cardiac operation: a marker for increased morbidity and mortality
  PMID 28511245  Thorac Cardiovasc Surg 2018  Low Fibrinogen Is Associated with Increased Bleeding-Related Re-exploration after Cardiac Surgery
  PMID 25173720  Ann Thorac Surg 2014  Planned cardiac reexploration in the intensive care unit is a safe procedure
  PMID 40913323  Innovations (Phila) 2025  Control of Port Site Bleeding With Liberal Use of Catheter Balloon Tamponade in Robotic Mitral Valve Surgery
  PMID 23092664  Heart Surg Forum 2012  Managing port-site bleeding during less invasive coronary artery bypass grafting
  PMID 41985604  Ann Thorac Surg 2026  Closed-Chest Robotic vs Port Access Approach for Mitral Repair: Comparison of Postoperative Outcomes
  PMID 18692654  J Thorac Cardiovasc Surg 2008  Robotic mitral valve repairs in 300 patients: a single-center experience
  PMID 15172249  Ann Thorac Surg 2004  Minimally invasive mitral valve repair using the da Vinci robotic system
  PMID 32072433  Gen Thorac Cardiovasc Surg 2020  Early results of robotically assisted mitral valve repair in a single institution: report of the first 100 cases
  PMID 41619927  Ann Thorac Surg 2026  The Society of Thoracic Surgeons Expert Consensus Pathway for Robotic Cardiac Surgical Training
  PMID 40900082  Multimed Man Cardiothorac Surg 2025  Robotic mitral valve repair: patient positioning and port placement in male patients
  PMID 40900091  Multimed Man Cardiothorac Surg 2025  Robotic mitral valve repair: patient positioning and port placement in female patients
  PMID 22161136  Obes Surg 2012  Use of Foley's catheter to control port-site bleeding in bariatric surgery
  PMID 22086319  Rev Gastroenterol Peru 2011  [Use of Foley's catheter to control abdominal wall bleeding in the trocar insertion place during laparoscopic surgery]
  PMID 19751334  J Obstet Gynaecol Res 2009  Port wound closure assisted by Foley catheter: an easier way to provide fascia security
  PMID 20489527  Neurosurgery 2010  Balloon compression technique in the management of persistent intraoperative intratumoral hemorrhage resulting from stereotactic biopsy: technical note
  PMID 36842955  J Visc Surg 2023  Direct trocar insertion vs. Veress needle technique in laparoscopic surgeries. A systematic review and meta-analysis
  PMID 37069276  Langenbecks Arch Surg 2023  Major and minor complications in Veress needle (VN) and direct trocar insertion (DTI) for laparoscopic closed-entry techniques: an updated systematic review and meta-analysis
  PMID 38743387  World J Surg 2024  Trocar-site incisional hernia after 8-mm robotic trocar placement: A prospective study
  PMID 38430543  Int J Med Robot 2024  Robotic 8-mm trocar fascial wounds: To close or not to close?
  PMID 21152941  Hernia 2011  Trocar site hernia after laparoscopic surgery: a qualitative systematic review
  PMID 32728766  Surg Endosc 2020  Does closure of fascia, type, and location of trocar influence occurrence of port site hernias? A literature review
  PMID 15545574  Arch Surg 2004  Trocar site hernia
  PMID 41933246  J Robot Surg 2026  A novel peritoneal channel technique using a hemostatic agent to minimize symptomatic fluid collections after single-port robot-assisted radical prostatectomy
  PMID 18070734  Am J Surg 2008  Microporous polysaccharide hemospheres for management of laparoscopic trocar injury to the spleen
  PMID 22367850  Br J Surg 2012  Systematic review and meta-analysis of cutting diathermy versus scalpel for skin incision
  PMID 31978649  Int J Surg 2020  Diathermy versus scalpel for skin incision in patients undergoing open inguinal hernia repair: A systematic review and meta-analysis
  PMID 39304130  Cir Esp (Engl Ed) 2025  Diathermy versus scalpel in midline abdominal incision: A systematic review and meta-analysis of randomized controlled trials
  PMID 26021211  Int J Surg 2015  Comparison of electrocautery incision with scalpel incision in midline abdominal surgery - A double blind randomized controlled trial
  PMID 24165306  ANZ J Surg 2016  Cautery versus scalpel for abdominal skin incisions: a double blind, randomized crossover trial of scar cosmesis
  PMID 11136307  Br J Surg 2001  Randomized clinical trial of diathermy versus scalpel incision in elective midline laparotomy
  PMID 11425052  Am J Surg 2001  A multicentre collaborative study on the use of cold scalpel and electrocautery for midline abdominal incision
  PMID 2143426   Br J Surg 1990  Wound infection after abdominal incision with scalpel or diathermy
  PMID 23521021  Respirology 2013  Physician-performed ultrasound can accurately screen for a vulnerable intercostal artery prior to chest drainage procedures
  PMID 28838023  Zentralbl Chir 2017  [Interventional Radiological Treatment of Intercostal Artery Bleedings - a Retrospective Analysis]
  PMID 37690956  J Emerg Med 2023  Thoracodorsal Artery Injury After Tube Thoracostomy: A Case Report
  PMID 28790290  Kyobu Geka 2017  [Postoperative Intrathoracic Hemorrhage;Perioperative Prevention and Management]
  PMID 37015067  J Laparoendosc Adv Surg Tech A 2023  Two-Centimeter Single-Port Incision Minimizing Intercostal Nerve Damage Applied in Video-Assisted Thoracoscopic Surgery Segmentectomy for Pulmonary Ground Glass Nodules
  PMID 33956234  Surg Today 2021  Modified 2-cm super single port vs. the traditional 3-cm single port for video-assisted thoracoscopic surgery lobectomy
  PMID 39340899  Lung Cancer 2024  A prospective multi-institutional study to verify the non-inferiority of postoperative pain in robot-assisted thoracic surgery in comparison with video-assisted thoracoscopic surgery for lung cancer: The Japanese RATS interest group 01 (J-RATSIG 01)
  PMID 27826786  Cardiovasc Intervent Radiol 2017  Efficacy of a Self-expanding Tract Sealant Device in the Reduction of Pneumothorax and Chest Tube Placement Rates After Percutaneous Lung Biopsy: A Matched Controlled Study Using Propensity Score Analysis
  PMID 31054891  Hum Pathol 2019  Pulmonary pathologic alterations associated with biopsy inserted hydrogel plugs
  PMID 37526076  Expert Rev Med Devices 2023  A contemporary systematic review of the complications associated with SURGICEL
  PMID 22278791  Minim Invasive Neurosurg 2011  Massive swelling of Surgicel® Fibrillar™ hemostat after spinal surgery. Case report and a review of the literature
  PMID 33751255  J Artif Organs 2021  New hemostatic technique with combined use of Hydrofit(®) and Surgicel(®): an in vitro and in vivo study
  PMID 29878119  Interact Cardiovasc Thorac Surg 2018  Oxidized resorbable cellulose (Gelita-cel) causing foreign body reaction in the mediastinum
  PMID 16235029  J Artif Organs 2005  Clinical benefits and risk analysis of topical hemostats: a review
  PMID 27466878  Surg Technol Int 2016  Prospective Randomized Clinical Trial of HEMOPATCH Topical Sealant in Cardiac Surgery
  PMID 37040815  J Minim Invasive Gynecol 2023  Balloon Trocar Is a Suitable Instrument for Retroperitoneal Para-aortic Lymphadenectomy in Gynecologic Malignant Diseases
  PMID 39235339  J Laparoendosc Adv Surg Tech A 2024  Telescopic Dissection as a Cost-Effective Alternative to Balloon Trocar for Preperitoneal Dissection in Total Extraperitoneal Inguinal Hernia Repair
  PMID 40198491  Hernia 2025  A comparative study on optical trocar entry vs. balloon trocar entry in laparoscopic eTEP inguinal hernia repair - a randomised control trial
  PMID 24977774  J Trauma Acute Care Surg 2014  Standard laparoscopic trocars for the treatment of tension pneumothorax: a superior alternative to needle decompression
  PMID 38498237  J Robot Surg 2024  hinotori(TM) vs. da Vinci(®): propensity score-matched analysis of surgical outcomes of robot-assisted radical prostatectomy
  PMID 42311029  Asian J Endosc Surg 2026  Early Experience of Hinotori Robot System in General Surgery: A Systematic Review
  PMID 33258023  World J Surg 2021  Clinical and Organizational Impact of the AIRSEAL(®) Insufflation System During Laparoscopic Surgery: A Systematic Review
  PMID 26777946  Ann Thorac Surg 2016  The Use of Oxidized Regenerated Cellulose for Video-Assisted Thoracic Surgery
  PMID 31747012  Interact Cardiovasc Thorac Surg 2020  Oxidized regenerated cellulose for a clear thoracoscopic view: a single-centre randomized trial
  PMID 27449461  Ann Thorac Surg 2016  An Alternative Use of Wound Retractor as Camera Trocar in Thoracoscopic Surgery
  PMID 32042728  Ann Transl Med 2019  International expert consensus on the management of bleeding during VATS lung surgery
  PMID 41399246  Asian J Endosc Surg 2025  Trocarless Thoracic Surgery Using the Hinotori Surgical Robot System With a Wound Retractor
  PMID 33462900  J Card Surg 2021  Robotic versus port-access mitral repair: A propensity score analysis
  PMID 31444139  J Cardiol 2020  Meta-analysis of propensity matched studies of robotic versus conventional mitral valve surgery
  PMID 39499089  Cardiol Rev 2024  Robotic Versus Thoracoscopic Minimally Invasive Mitral Valve Surgery: A Systematic Review and Meta-Analysis of Matched Studies
  PMID 36483611  Ann Cardiothorac Surg 2022  Systematic review and meta-analysis of mid-term survival, reoperation, and recurrent mitral regurgitation for robotic-assisted mitral valve repair
  PMID 41212734  Asian Cardiovasc Thorac Ann 2026  Operative outcomes following robotic-assisted and conventional minimally invasive mitral valve surgery: A meta-analysis of propensity-matched studies
  PMID 37423965  J Robot Surg 2023  Propensity-matched analysis of robotic versus sternotomy approaches for mitral valve replacement
  PMID 34704724  Pain Physician 2021  Percutaneous Endoscopic Intercostal Neurectomy for Refractory Intercostal Neuralgia
